// Jest Snapshot v1, https://goo.gl/fbAQLP

exports[`errors ActivitySchemaValidationError 1`] = `"Validation error: Expected string, received null at "foo""`;
