// Jest Snapshot v1, https://goo.gl/fbAQLP

exports[`_shared/ui/Card Default smoke-test 1`] = `
<div class="rounded p-4 shadow h-20 w-40">
</div>
`;
