// Jest Snapshot v1, https://goo.gl/fbAQLP

exports[`_shared/ui/Textarea Default smoke-test 1`] = `
<textarea class="flex min-h-[80px] w-full rounded-md border border-input bg-background px-3 py-2 text-sm ring-offset-background placeholder:text-muted-foreground focus-visible:outline-none focus-visible:ring-2 focus-visible:ring-ring disabled:cursor-not-allowed disabled:opacity-50"
          placeholder="Textarea"
>
</textarea>
`;
