// Jest Snapshot v1, https://goo.gl/fbAQLP

exports[`_shared/ui/Input Default smoke-test 1`] = `
<input class="flex h-10 w-full rounded-md border border-input bg-background px-3 py-2 text-sm ring-offset-background file:border-0 file:bg-transparent file:text-sm file:font-medium placeholder:text-muted-foreground focus-visible:outline-none focus-visible:ring-2 focus-visible:ring-ring disabled:cursor-not-allowed disabled:opacity-50"
       placeholder="Input"
>
`;
